如何查看进程的实际的内存占用top命令可以查看进程内存的使用，但是不够详细。还有一些命令可以进行更加详细的查看。[root@localhost ~]# cat /proc/5606/statusName:  switch4State: S (sleeping)Tgid:  5606Pid:  5606PPid:  1TracerPid:   0Uid:  0    0    0    0Gid:  0    0    0    0Utrace: 0FDSize: 32Groups: 0 1 2 3 4 6 10VmPeak:  85328 kBVmSize:  84308 kB——进程占用的虚拟内存大小。VmLck:     0 kBVmHWM:   46368 kBVmRSS:   46360 kB——占用的物理内存。VmData:  76512 kB——data段内存大小（BSS，data）VmStk:    88 kB——栈大小。VmExe:    312 kB——代码段大小。VmLib:   6868 kB——库大小VmPTE:    148 kBVmSwap:    0 kBThreads:    4SigQ:  1/31237SigPnd: 0000000000000000ShdPnd: 0000000000000000SigBlk: 0000000000000000SigIgn: 0000000000000005SigCgt: 0000000180005202CapInh: 0000000000000000CapPrm: ffffffffffffffffCapEff: ffffffffffffffffCapBnd: ffffffffffffffffCpus_allowed:  ffCpus_allowed_list:   0-7Mems_allowed:  1Mems_allowed_list:   0voluntary_ctxt_switches:    116683469nonvoluntary_ctxt_switches:   301173[root@localhost ~]# cat /proc/5627/smaps00110000-00112000 r-xp 00000000 08:02 652817   /home/mic_lib_2012-04-21-03-16-32/libdb.soSize:         8 kBRss:          8 kBPss:          1 kBShared_Clean:     8 kBShared_Dirty:     0 kBPrivate_Clean:     0 kBPrivate_Dirty:     0 kBReferenced:      8 kBSwap:         0 kBKernelPageSize:    4 kBMMUPageSize:      4 kB00112000-00113000 rw-p 00001000 08:02 652817   /home/mic_lib_2012-04-21-03-16-32/libdb.soSize:         4 kBRss:          4 kBPss:          4 kBShared_Clean:     0 kBShared_Dirty:     0 kBPrivate_Clean:     0 kBPrivate_Dirty:     4 kBReferenced:      4 kBSwap:         0 kBKernelPageSize:    4 kBMMUPageSize:      4 kB08048000-080a2000 r-xp 00000000 08:02 1044485  /home/execute_2012-04-21-03-16-32/mrfcSize:        360 kB——虚拟内存Rss:         156 kB——物理内存Pss:         156 kBShared_Clean:     0 kB——共享部分，动态链接库Shared_Dirty:     0 kBPrivate_Clean:    156 kB——私有部分。Private_Dirty:     0 kBReferenced:     156 kBSwap:         0 kBKernelPageSize:    4 kBMMUPageSize:      4 kB09f43000-09f87000 rw-p 00000000 00:00 0     [heap]——堆的内存Size:        272 kBRss:         184 kBPss:         184 kBShared_Clean:     0 kBShared_Dirty:     0 kBPrivate_Clean:     0 kBPrivate_Dirty:    184 kBReferenced:     184 kBSwap:         0 kBKernelPageSize:    4 kBMMUPageSize:      4 kBb6cfc000-b6cfd000 ---p 00000000 00:00 0Size:         4 kBRss:          0 kBPss:          0 kBShared_Clean:     0 kBShared_Dirty:     0 kBPrivate_Clean:     0 kBPrivate_Dirty:     0 kBReferenced:      0 kBSwap:         0 kBKernelPageSize:    4 kBMMUPageSize:      4 kBb6cfd000-b7703000 rw-p 00000000 00:00 0Size:       10264 kBRss:         28 kBPss:         28 kBShared_Clean:     0 kBShared_Dirty:     0 kBPrivate_Clean:     0 kBPrivate_Dirty:    28 kBReferenced:      28 kBSwap:         0 kBKernelPageSize:    4 kBMMUPageSize:      4 kBb7714000-b7716000 rw-p 00000000 00:00 0Size:         8 kBRss:          8 kBPss:          8 kBShared_Clean:     0 kBShared_Dirty:     0 kBPrivate_Clean:     0 kBPrivate_Dirty:     8 kBReferenced:      8 kBSwap:         0 kBKernelPageSize:    4 kBMMUPageSize:      4 kBbfed4000-bfee9000 rw-p 00000000 00:00 0     [stack]——栈的内存。Size:         88 kBRss:         44 kBPss:         44 kBShared_Clean:     0 kBShared_Dirty:     0 kBPrivate_Clean:     0 kBPrivate_Dirty:    44 kBReferenced:      44 kBSwap:         0 kBKernelPageSize:    4 kBMMUPageSize:      4 kB